// Jest Snapshot v1, https://goo.gl/fbAQLP

exports[`SearchBar should render 1`] = `
<div
  className="sc-18pr4qs-0 eyHxCt"
>
  <div
    className="sc-1os0qt1-0 ecarEL"
    direction="row"
  >
    <div
      className="sc-18pr4qs-1 jjdFVY"
    >
      <img
        alt="Mercado Libre"
        className="sc-18pr4qs-2 hvNeoX"
        onClick={[Function]}
        src="potato.png"
      />
    </div>
    <div
      className="sc-18pr4qs-3 ePKDzW"
    >
      <input
        className="sc-18pr4qs-4 gfnSjD"
        defaultValue=""
        onChange={[Function]}
        onKeyPress={[Function]}
        placeholder="Nunca dejes de buscar"
      />
      <div
        className="sc-18pr4qs-5 bUzMWw"
        onClick={[Function]}
      />
    </div>
  </div>
</div>
`;
