// Jest Snapshot v1, https://goo.gl/fbAQLP

exports[`Home should render 1`] = `
<div>
  <div
    className="sc-18pr4qs-0 bZoPsJ"
  >
    <div
      className="sc-1os0qt1-0 ixyyBw"
      direction="row"
    >
      <div
        className="sc-18pr4qs-1 duZlpX"
      >
        <img
          alt="Mercado Libre"
          className="sc-18pr4qs-2 kcxcRn"
          onClick={[Function]}
          src="test-file-stub"
        />
      </div>
      <div
        className="sc-18pr4qs-3 hjzgGk"
      >
        <input
          className="sc-18pr4qs-4 hjDqk"
          defaultValue=""
          onChange={[Function]}
          onKeyPress={[Function]}
          placeholder="Nunca dejes de buscar"
        />
        <div
          className="sc-18pr4qs-5 WTNfA"
          onClick={[Function]}
        />
      </div>
    </div>
  </div>
</div>
`;
