// Jest Snapshot v1, https://goo.gl/fbAQLP

exports[`Breadcrumb should render 1`] = `
<div
  className="qg2tkp-0 hIrIhx"
>
  <div
    className="qg2tkp-1 eOYxwL"
  >
    <p
      className="sc-1hvrgbn-5 frCBin"
      color="light"
      fontWeight="normal"
      type="caption"
    >
      Video juegos
    </p>
  </div>
  <div
    className="qg2tkp-1 eOYxwL"
  >
    <p
      className="sc-1hvrgbn-5 frCBin"
      color="light"
      fontWeight="normal"
      type="caption"
    >
      Nintendo
    </p>
  </div>
  <div
    className="qg2tkp-1 eOYxwL"
  >
    <p
      className="sc-1hvrgbn-5 frCBin"
      color="light"
      fontWeight="normal"
      type="caption"
    >
      Nintendo switch
    </p>
  </div>
</div>
`;
