// Jest Snapshot v1, https://goo.gl/fbAQLP

exports[`Footer should render 1`] = `
<div
  className="g8qojs-0 kQTLEp"
>
  <div
    className="sc-1os0qt1-0 ixyyBw"
    direction="row"
  >
    <p
      className="sc-1hvrgbn-6 eYrVMp"
      color="normal"
      fontWeight="normal"
      type="small"
    >
      Texto de prueba /
    </p>
    <div
      className="g8qojs-1 dHIyst"
      onClick={[Function]}
    >
      <p
        className="sc-1hvrgbn-6 eYrVMp"
        color="normal"
        fontWeight="normal"
        type="small"
      >
        Cambiar tema
      </p>
    </div>
  </div>
</div>
`;
